#
# A fatal error has been detected by the Java Runtime Environment:
#
#  EXCEPTION_ACCESS_VIOLATION (0xc0000005) at pc=0x00007ff9bcaf3416, pid=15500, tid=0x0000000000003a38
#
# JRE version: Java(TM) SE Runtime Environment (8.0_311-b11) (build 1.8.0_311-b11)
# Java VM: Java HotSpot(TM) 64-Bit Server VM (25.311-b11 mixed mode windows-amd64 compressed oops)
# Problematic frame:
# C  [ntdll.dll+0x63416]
#
# Failed to write core dump. Minidumps are not enabled by default on client versions of Windows
#
# If you would like to submit a bug report, please visit:
#   http://bugreport.java.com/bugreport/crash.jsp
# The crash happened outside the Java Virtual Machine in native code.
# See problematic frame for where to report the bug.
#

---------------  T H R E A D  ---------------

Current thread (0x00000209230ac000):  JavaThread "Thread-47" [_thread_in_native, id=14904, stack(0x0000002666c00000,0x0000002666d00000)]

siginfo: ExceptionCode=0xc0000005, reading address 0xffffffffffffffff

Registers:
RAX=0x1000000000000000, RBX=0x00000001000000b1, RCX=0x00000001000000b1, RDX=0x000000000907cef6
RSP=0x0000002666cff020, RBP=0x0000002666cff200, RSI=0x0000000000000000, RDI=0x0000000000000000
R8 =0x0000000000000000, R9 =0x0000000100000000, R10=0x0002d3bd4920a46d, R11=0x0002d3bd49209fed
R12=0x0000000000000000, R13=0x000000266237f000, R14=0x0000000000000001, R15=0x0000000000000000
RIP=0x00007ff9bcaf3416, EFLAGS=0x0000000000010213

Top of Stack: (sp=0x0000002666cff020)
0x0000002666cff020:   00000209230ac000 0000000052092028
0x0000002666cff030:   00000209230ac000 0000020925197b08
0x0000002666cff040:   0000020925197b08 000000005208dc55
0x0000002666cff050:   0000000000000bad 0000000000000bad
0x0000002666cff060:   0000000000000000 000000000907cef6
0x0000002666cff070:   000000266237f000 0000000052092162
0x0000002666cff080:   00000209231b0c20 0000000000000000
0x0000002666cff090:   0000000000000000 0000020925197b08
0x0000002666cff0a0:   00000209230ac000 00000000520931c1
0x0000002666cff0b0:   000066122df7b6a1 0000020925197b08
0x0000002666cff0c0:   00000209230ac000 0000000000000001
0x0000002666cff0d0:   0000000000000001 0000000000000001
0x0000002666cff0e0:   0000000000000000 00000001000000b1
0x0000002666cff0f0:   0000002666cff200 00007ff9bcabfcb4
0x0000002666cff100:   00000000dd118b58 00000000520a395e
0x0000002666cff110:   000000000907cef6 00000000dd118b58 

Instructions: (pc=0x00007ff9bcaf3416)
0x00007ff9bcaf33f6:   48 39 73 18 0f 84 d2 00 00 00 48 8b 03 48 83 f8
0x00007ff9bcaf3406:   ff 0f 84 d2 00 00 00 44 8b fe 48 83 f8 ff 74 03
0x00007ff9bcaf3416:   ff 40 24 4c 8b 73 18 4c 8d 2d d4 10 10 00 bd 22
0x00007ff9bcaf3426:   17 00 00 e8 22 14 fc ff 85 c0 0f 85 be b2 05 00 


Register to memory mapping:

RAX=0x1000000000000000 is an unknown value
RBX=0x00000001000000b1 is pointing into metadata
RCX=0x00000001000000b1 is pointing into metadata
RDX=0x000000000907cef6 is an unknown value
RSP=0x0000002666cff020 is pointing into the stack for thread: 0x00000209230ac000
RBP=0x0000002666cff200 is pointing into the stack for thread: 0x00000209230ac000
RSI=0x0000000000000000 is an unknown value
RDI=0x0000000000000000 is an unknown value
R8 =0x0000000000000000 is an unknown value
R9 =0x0000000100000000 is pointing into metadata
R10=0x0002d3bd4920a46d is an unknown value
R11=0x0002d3bd49209fed is an unknown value
R12=0x0000000000000000 is an unknown value
R13=0x000000266237f000 is an unknown value
R14=0x0000000000000001 is an unknown value
R15=0x0000000000000000 is an unknown value


Stack: [0x0000002666c00000,0x0000002666d00000],  sp=0x0000002666cff020,  free space=1020k
Native frames: (J=compiled Java code, j=interpreted, Vv=VM code, C=native code)
C  [ntdll.dll+0x63416]
C  [ntdll.dll+0x2fcb4]
C  [ntdll.dll+0x2fae2]
C  [sqlite-3.36.0.3-5e2d5bf4-f033-4eff-9228-877de90685f8-sqlitejdbc.dll+0x12a22]
C  [sqlite-3.36.0.3-5e2d5bf4-f033-4eff-9228-877de90685f8-sqlitejdbc.dll+0x12a71]
C  0x0000020909b00a66

Java frames: (J=compiled Java code, j=interpreted, Vv=VM code)
J 2798  org.sqlite.core.NativeDB.column_int(JI)I (0 bytes) @ 0x0000020909b008fb [0x0000020909b008c0+0x3b]
J 3568 C2 org.sqlite.jdbc3.JDBC3ResultSet.getInt(Ljava/lang/String;)I (10 bytes) @ 0x000002090a173d38 [0x000002090a173cc0+0x78]
J 3395 C1 com.myclasscount.model.dao.Categoriaa_dao.getCategorias()Ljava/util/ArrayList; (190 bytes) @ 0x0000020909ea3cb4 [0x0000020909ea36c0+0x5f4]
J 3402 C1 com.myclasscount.control.categoria_ctrl.getCategorias()Ljava/util/ArrayList; (4 bytes) @ 0x000002090a0e371c [0x000002090a0e36c0+0x5c]
j  com.myclasscount.view.AdicionarAluno$Clique.lambda$mouseClicked$0()V+19
j  com.myclasscount.view.AdicionarAluno$Clique$$Lambda$38.run()V+4
j  java.lang.Thread.run()V+11
v  ~StubRoutines::call_stub

---------------  P R O C E S S  ---------------

Java Threads: ( => current thread )
  0x00000209230b2800 JavaThread "Thread-48" [_thread_in_native, id=17804, stack(0x0000002666d00000,0x0000002666e00000)]
=>0x00000209230ac000 JavaThread "Thread-47" [_thread_in_native, id=14904, stack(0x0000002666c00000,0x0000002666d00000)]
  0x00000209230ac800 JavaThread "Thread-46" [_thread_blocked, id=8908, stack(0x0000002667100000,0x0000002667200000)]
  0x00000209230b3800 JavaThread "Thread-45" [_thread_blocked, id=2244, stack(0x0000002667000000,0x0000002667100000)]
  0x00000209230a9800 JavaThread "Thread-44" [_thread_blocked, id=13964, stack(0x0000002666b00000,0x0000002666c00000)]
  0x00000209230b0800 JavaThread "Thread-43" [_thread_blocked, id=6956, stack(0x0000002666a00000,0x0000002666b00000)]
  0x00000209230ab000 JavaThread "Thread-42" [_thread_blocked, id=3960, stack(0x0000002664c00000,0x0000002664d00000)]
  0x00000209230af800 JavaThread "D3D Screen Updater" daemon [_thread_blocked, id=11480, stack(0x0000002666700000,0x0000002666800000)]
  0x00000209230ad800 JavaThread "Thread-40" [_thread_blocked, id=13016, stack(0x0000002666500000,0x0000002666600000)]
  0x00000209230af000 JavaThread "Thread-39" [_thread_blocked, id=2956, stack(0x0000002666400000,0x0000002666500000)]
  0x00000209230a9000 JavaThread "Thread-38" [_thread_blocked, id=11388, stack(0x0000002666300000,0x0000002666400000)]
  0x00000209230ae000 JavaThread "Thread-37" [_thread_blocked, id=8548, stack(0x0000002666200000,0x0000002666300000)]
  0x00000209230aa800 JavaThread "Thread-36" [_thread_blocked, id=8880, stack(0x0000002666100000,0x0000002666200000)]
  0x0000020923037000 JavaThread "Thread-35" [_thread_blocked, id=11332, stack(0x0000002666000000,0x0000002666100000)]
  0x0000020923037800 JavaThread "Thread-34" [_thread_blocked, id=16884, stack(0x0000002665f00000,0x0000002666000000)]
  0x0000020923034800 JavaThread "Thread-33" [_thread_blocked, id=13412, stack(0x0000002665e00000,0x0000002665f00000)]
  0x0000020923036000 JavaThread "Thread-32" [_thread_blocked, id=15116, stack(0x0000002665d00000,0x0000002665e00000)]
  0x0000020923035800 JavaThread "Thread-31" [_thread_blocked, id=4644, stack(0x0000002665c00000,0x0000002665d00000)]
  0x000002092302d000 JavaThread "Thread-30" [_thread_blocked, id=4900, stack(0x0000002665b00000,0x0000002665c00000)]
  0x0000020923034000 JavaThread "Thread-29" [_thread_blocked, id=12644, stack(0x0000002665a00000,0x0000002665b00000)]
  0x0000020923033000 JavaThread "Thread-28" [_thread_blocked, id=1640, stack(0x0000002665900000,0x0000002665a00000)]
  0x0000020923031000 JavaThread "Thread-27" [_thread_blocked, id=14296, stack(0x0000002665800000,0x0000002665900000)]
  0x0000020923032800 JavaThread "Thread-26" [_thread_blocked, id=4176, stack(0x0000002665700000,0x0000002665800000)]
  0x0000020923031800 JavaThread "Thread-25" [_thread_blocked, id=6372, stack(0x0000002665600000,0x0000002665700000)]
  0x000002092302b800 JavaThread "Thread-24" [_thread_blocked, id=10824, stack(0x0000002665500000,0x0000002665600000)]
  0x0000020923029800 JavaThread "Thread-23" [_thread_blocked, id=2584, stack(0x0000002665400000,0x0000002665500000)]
  0x000002092302e000 JavaThread "Thread-22" [_thread_blocked, id=16176, stack(0x0000002665300000,0x0000002665400000)]
  0x000002092302b000 JavaThread "Thread-21" [_thread_blocked, id=14520, stack(0x0000002665200000,0x0000002665300000)]
  0x0000020923030000 JavaThread "Thread-20" [_thread_blocked, id=10540, stack(0x0000002665100000,0x0000002665200000)]
  0x000002092302a000 JavaThread "Thread-19" [_thread_blocked, id=7596, stack(0x0000002665000000,0x0000002665100000)]
  0x0000020923028800 JavaThread "Thread-18" [_thread_blocked, id=13376, stack(0x0000002664f00000,0x0000002665000000)]
  0x000002092302f800 JavaThread "Thread-17" [_thread_blocked, id=14452, stack(0x0000002664e00000,0x0000002664f00000)]
  0x000002092302e800 JavaThread "Thread-16" [_thread_blocked, id=5052, stack(0x0000002664d00000,0x0000002664e00000)]
  0x0000020922f0e000 JavaThread "TimerQueue" daemon [_thread_blocked, id=18052, stack(0x0000002664b00000,0x0000002664c00000)]
  0x0000020922f09000 JavaThread "Thread-15" [_thread_blocked, id=11276, stack(0x0000002664a00000,0x0000002664b00000)]
  0x0000020922f0d800 JavaThread "Thread-14" [_thread_blocked, id=11792, stack(0x0000002664900000,0x0000002664a00000)]
  0x0000020922f0a800 JavaThread "Thread-13" [_thread_blocked, id=14676, stack(0x0000002664800000,0x0000002664900000)]
  0x0000020922f0c800 JavaThread "Thread-12" [_thread_blocked, id=11244, stack(0x0000002664700000,0x0000002664800000)]
  0x0000020922f0c000 JavaThread "Thread-11" [_thread_blocked, id=6012, stack(0x0000002664600000,0x0000002664700000)]
  0x0000020922f09800 JavaThread "Thread-10" [_thread_blocked, id=13384, stack(0x0000002664500000,0x0000002664600000)]
  0x0000020922f08000 JavaThread "Thread-9" [_thread_blocked, id=1324, stack(0x0000002664400000,0x0000002664500000)]
  0x0000020922f07800 JavaThread "Thread-8" [_thread_blocked, id=6928, stack(0x0000002664300000,0x0000002664400000)]
  0x0000020922e5c800 JavaThread "Thread-7" [_thread_blocked, id=7820, stack(0x0000002664200000,0x0000002664300000)]
  0x0000020922e49800 JavaThread "Thread-6" [_thread_blocked, id=17016, stack(0x0000002664100000,0x0000002664200000)]
  0x0000020922e46000 JavaThread "Thread-5" [_thread_blocked, id=15384, stack(0x0000002664000000,0x0000002664100000)]
  0x0000020922d38800 JavaThread "Thread-4" [_thread_blocked, id=12388, stack(0x0000002663f00000,0x0000002664000000)]
  0x0000020922d2e800 JavaThread "Thread-3" [_thread_blocked, id=11148, stack(0x0000002663e00000,0x0000002663f00000)]
  0x0000020922cc0800 JavaThread "Thread-2" [_thread_blocked, id=9232, stack(0x0000002663d00000,0x0000002663e00000)]
  0x0000020922cc0000 JavaThread "Thread-1" [_thread_blocked, id=11356, stack(0x0000002663c00000,0x0000002663d00000)]
  0x0000020907d02000 JavaThread "DestroyJavaVM" [_thread_blocked, id=12944, stack(0x0000002662500000,0x0000002662600000)]
  0x000002091e058800 JavaThread "AWT-EventQueue-0" [_thread_in_native, id=14116, stack(0x0000002663500000,0x0000002663600000)]
  0x000002091e049800 JavaThread "AWT-Windows" daemon [_thread_in_native, id=5004, stack(0x0000002663400000,0x0000002663500000)]
  0x000002091e046000 JavaThread "AWT-Shutdown" [_thread_blocked, id=14436, stack(0x0000002663300000,0x0000002663400000)]
  0x000002091e045000 JavaThread "Java2D Disposer" daemon [_thread_blocked, id=7600, stack(0x0000002663200000,0x0000002663300000)]
  0x000002091d619000 JavaThread "Service Thread" daemon [_thread_blocked, id=14008, stack(0x0000002663000000,0x0000002663100000)]
  0x000002091d5b7000 JavaThread "C1 CompilerThread1" daemon [_thread_blocked, id=7392, stack(0x0000002662f00000,0x0000002663000000)]
  0x000002091d5b3000 JavaThread "C2 CompilerThread0" daemon [_thread_blocked, id=5820, stack(0x0000002662e00000,0x0000002662f00000)]
  0x000002091d5b1000 JavaThread "Attach Listener" daemon [_thread_blocked, id=18148, stack(0x0000002662d00000,0x0000002662e00000)]
  0x000002091d5b0000 JavaThread "Signal Dispatcher" daemon [_thread_blocked, id=17660, stack(0x0000002662c00000,0x0000002662d00000)]
  0x000002091d0bc000 JavaThread "Finalizer" daemon [_thread_blocked, id=8868, stack(0x0000002662b00000,0x0000002662c00000)]
  0x000002091d594800 JavaThread "Reference Handler" daemon [_thread_blocked, id=14672, stack(0x0000002662a00000,0x0000002662b00000)]

Other Threads:
  0x000002091d572800 VMThread [stack: 0x0000002662900000,0x0000002662a00000] [id=3172]
  0x000002091d62b800 WatcherThread [stack: 0x0000002663100000,0x0000002663200000] [id=8864]

VM state:not at safepoint (normal execution)

VM Mutex/Monitor currently owned by a thread: None

heap address: 0x0000000096400000, size: 1692 MB, Compressed Oops mode: 32-bit
Narrow klass base: 0x0000000000000000, Narrow klass shift: 3
Compressed class space size: 1073741824 Address: 0x0000000100000000

Heap:
 PSYoungGen      total 25600K, used 6181K [0x00000000dcc00000, 0x00000000df080000, 0x0000000100000000)
  eden space 25088K, 23% used [0x00000000dcc00000,0x00000000dd1c1728,0x00000000de480000)
  from space 512K, 56% used [0x00000000de500000,0x00000000de548000,0x00000000de580000)
  to   space 6144K, 0% used [0x00000000dea80000,0x00000000dea80000,0x00000000df080000)
 ParOldGen       total 72704K, used 4865K [0x0000000096400000, 0x000000009ab00000, 0x00000000dcc00000)
  object space 72704K, 6% used [0x0000000096400000,0x00000000968c06d0,0x000000009ab00000)
 Metaspace       used 18340K, capacity 18658K, committed 18816K, reserved 1064960K
  class space    used 2327K, capacity 2423K, committed 2432K, reserved 1048576K

Card table byte_map: [0x00000209189e0000,0x0000020918d30000] byte_map_base: 0x000002091852e000

Marking Bits: (ParMarkBitMap*) 0x0000000052668030
 Begin Bits: [0x0000020918f70000, 0x000002091a9e0000)
 End Bits:   [0x000002091a9e0000, 0x000002091c450000)

Polling page: 0x00000209095f0000

CodeCache: size=245760Kb used=11441Kb max_used=12305Kb free=234318Kb
 bounds [0x0000020909620000, 0x000002090a240000, 0x0000020918620000]
 total_blobs=3767 nmethods=3216 adapters=461
 compilation: enabled

Compilation events (10 events):
Event: 48.922 Thread 0x000002091d5b7000 3703       3       sun.util.locale.StringTokenIterator::nextDelimiter (116 bytes)
Event: 48.923 Thread 0x000002091d5b7000 nmethod 3703 0x0000020909a07e10 code [0x0000020909a08020, 0x0000020909a08c50]
Event: 48.923 Thread 0x000002091d5b7000 3704       3       sun.util.locale.StringTokenIterator::next (74 bytes)
Event: 48.924 Thread 0x000002091d5b7000 nmethod 3704 0x0000020909b96390 code [0x0000020909b96520, 0x0000020909b969e0]
Event: 48.924 Thread 0x000002091d5b7000 3705       3       sun.util.locale.StringTokenIterator::hasNext (20 bytes)
Event: 48.924 Thread 0x000002091d5b7000 nmethod 3705 0x0000020909a9f950 code [0x0000020909a9fac0, 0x0000020909a9fd78]
Event: 49.050 Thread 0x000002091d5b3000 3706       4       sun.awt.image.SunVolatileImage::getWidth (5 bytes)
Event: 49.050 Thread 0x000002091d5b3000 nmethod 3706 0x0000020909cc9090 code [0x0000020909cc91c0, 0x0000020909cc9218]
Event: 49.169 Thread 0x000002091d5b3000 3707   !   4       sun.awt.GlobalCursorManager::_updateCursor (165 bytes)
Event: 49.188 Thread 0x000002091d5b3000 nmethod 3707 0x0000020909b09850 code [0x0000020909b09a40, 0x0000020909b0a3c0]

GC Heap History (10 events):
Event: 24.839 GC heap before
{Heap before GC invocations=5 (full 0):
 PSYoungGen      total 31744K, used 31723K [0x00000000dcc00000, 0x00000000def00000, 0x0000000100000000)
  eden space 27648K, 100% used [0x00000000dcc00000,0x00000000de700000,0x00000000de700000)
  from space 4096K, 99% used [0x00000000deb00000,0x00000000deefaee8,0x00000000def00000)
  to   space 4096K, 0% used [0x00000000de700000,0x00000000de700000,0x00000000deb00000)
 ParOldGen       total 72704K, used 735K [0x0000000096400000, 0x000000009ab00000, 0x00000000dcc00000)
  object space 72704K, 1% used [0x0000000096400000,0x00000000964b7e80,0x000000009ab00000)
 Metaspace       used 17835K, capacity 18128K, committed 18304K, reserved 1064960K
  class space    used 2292K, capacity 2356K, committed 2432K, reserved 1048576K
Event: 24.850 GC heap after
Heap after GC invocations=5 (full 0):
 PSYoungGen      total 31232K, used 4068K [0x00000000dcc00000, 0x00000000df080000, 0x0000000100000000)
  eden space 27136K, 0% used [0x00000000dcc00000,0x00000000dcc00000,0x00000000de680000)
  from space 4096K, 99% used [0x00000000de700000,0x00000000deaf90d8,0x00000000deb00000)
  to   space 5120K, 0% used [0x00000000deb80000,0x00000000deb80000,0x00000000df080000)
 ParOldGen       total 72704K, used 775K [0x0000000096400000, 0x000000009ab00000, 0x00000000dcc00000)
  object space 72704K, 1% used [0x0000000096400000,0x00000000964c1e80,0x000000009ab00000)
 Metaspace       used 17835K, capacity 18128K, committed 18304K, reserved 1064960K
  class space    used 2292K, capacity 2356K, committed 2432K, reserved 1048576K
}
Event: 32.587 GC heap before
{Heap before GC invocations=6 (full 0):
 PSYoungGen      total 31232K, used 31204K [0x00000000dcc00000, 0x00000000df080000, 0x0000000100000000)
  eden space 27136K, 100% used [0x00000000dcc00000,0x00000000de680000,0x00000000de680000)
  from space 4096K, 99% used [0x00000000de700000,0x00000000deaf90d8,0x00000000deb00000)
  to   space 5120K, 0% used [0x00000000deb80000,0x00000000deb80000,0x00000000df080000)
 ParOldGen       total 72704K, used 775K [0x0000000096400000, 0x000000009ab00000, 0x00000000dcc00000)
  object space 72704K, 1% used [0x0000000096400000,0x00000000964c1e80,0x000000009ab00000)
 Metaspace       used 17924K, capacity 18326K, committed 18560K, reserved 1064960K
  class space    used 2296K, capacity 2421K, committed 2432K, reserved 1048576K
Event: 32.599 GC heap after
Heap after GC invocations=6 (full 0):
 PSYoungGen      total 31232K, used 4100K [0x00000000dcc00000, 0x00000000df000000, 0x0000000100000000)
  eden space 26624K, 0% used [0x00000000dcc00000,0x00000000dcc00000,0x00000000de600000)
  from space 4608K, 88% used [0x00000000deb80000,0x00000000def810d8,0x00000000df000000)
  to   space 5120K, 0% used [0x00000000de600000,0x00000000de600000,0x00000000deb00000)
 ParOldGen       total 72704K, used 783K [0x0000000096400000, 0x000000009ab00000, 0x00000000dcc00000)
  object space 72704K, 1% used [0x0000000096400000,0x00000000964c3e80,0x000000009ab00000)
 Metaspace       used 17924K, capacity 18326K, committed 18560K, reserved 1064960K
  class space    used 2296K, capacity 2421K, committed 2432K, reserved 1048576K
}
Event: 38.980 GC heap before
{Heap before GC invocations=7 (full 0):
 PSYoungGen      total 31232K, used 30724K [0x00000000dcc00000, 0x00000000df000000, 0x0000000100000000)
  eden space 26624K, 100% used [0x00000000dcc00000,0x00000000de600000,0x00000000de600000)
  from space 4608K, 88% used [0x00000000deb80000,0x00000000def810d8,0x00000000df000000)
  to   space 5120K, 0% used [0x00000000de600000,0x00000000de600000,0x00000000deb00000)
 ParOldGen       total 72704K, used 783K [0x0000000096400000, 0x000000009ab00000, 0x00000000dcc00000)
  object space 72704K, 1% used [0x0000000096400000,0x00000000964c3e80,0x000000009ab00000)
 Metaspace       used 18049K, capacity 18396K, committed 18560K, reserved 1064960K
  class space    used 2298K, capacity 2422K, committed 2432K, reserved 1048576K
Event: 39.034 GC heap after
Heap after GC invocations=7 (full 0):
 PSYoungGen      total 31232K, used 1081K [0x00000000dcc00000, 0x00000000df080000, 0x0000000100000000)
  eden space 26112K, 0% used [0x00000000dcc00000,0x00000000dcc00000,0x00000000de580000)
  from space 5120K, 21% used [0x00000000de600000,0x00000000de70e7f8,0x00000000deb00000)
  to   space 5632K, 0% used [0x00000000deb00000,0x00000000deb00000,0x00000000df080000)
 ParOldGen       total 72704K, used 3838K [0x0000000096400000, 0x000000009ab00000, 0x00000000dcc00000)
  object space 72704K, 5% used [0x0000000096400000,0x00000000967bfac8,0x000000009ab00000)
 Metaspace       used 18049K, capacity 18396K, committed 18560K, reserved 1064960K
  class space    used 2298K, capacity 2422K, committed 2432K, reserved 1048576K
}
Event: 43.567 GC heap before
{Heap before GC invocations=8 (full 0):
 PSYoungGen      total 31232K, used 27193K [0x00000000dcc00000, 0x00000000df080000, 0x0000000100000000)
  eden space 26112K, 100% used [0x00000000dcc00000,0x00000000de580000,0x00000000de580000)
  from space 5120K, 21% used [0x00000000de600000,0x00000000de70e7f8,0x00000000deb00000)
  to   space 5632K, 0% used [0x00000000deb00000,0x00000000deb00000,0x00000000df080000)
 ParOldGen       total 72704K, used 3838K [0x0000000096400000, 0x000000009ab00000, 0x00000000dcc00000)
  object space 72704K, 5% used [0x0000000096400000,0x00000000967bfac8,0x000000009ab00000)
 Metaspace       used 18051K, capacity 18396K, committed 18560K, reserved 1064960K
  class space    used 2298K, capacity 2422K, committed 2432K, reserved 1048576K
Event: 43.574 GC heap after
Heap after GC invocations=8 (full 0):
 PSYoungGen      total 31232K, used 256K [0x00000000dcc00000, 0x00000000df100000, 0x0000000100000000)
  eden space 25600K, 0% used [0x00000000dcc00000,0x00000000dcc00000,0x00000000de500000)
  from space 5632K, 4% used [0x00000000deb00000,0x00000000deb40000,0x00000000df080000)
  to   space 6144K, 0% used [0x00000000de500000,0x00000000de500000,0x00000000deb00000)
 ParOldGen       total 72704K, used 4617K [0x0000000096400000, 0x000000009ab00000, 0x00000000dcc00000)
  object space 72704K, 6% used [0x0000000096400000,0x00000000968826d0,0x000000009ab00000)
 Metaspace       used 18051K, capacity 18396K, committed 18560K, reserved 1064960K
  class space    used 2298K, capacity 2422K, committed 2432K, reserved 1048576K
}
Event: 48.367 GC heap before
{Heap before GC invocations=9 (full 0):
 PSYoungGen      total 31232K, used 25856K [0x00000000dcc00000, 0x00000000df100000, 0x0000000100000000)
  eden space 25600K, 100% used [0x00000000dcc00000,0x00000000de500000,0x00000000de500000)
  from space 5632K, 4% used [0x00000000deb00000,0x00000000deb40000,0x00000000df080000)
  to   space 6144K, 0% used [0x00000000de500000,0x00000000de500000,0x00000000deb00000)
 ParOldGen       total 72704K, used 4617K [0x0000000096400000, 0x000000009ab00000, 0x00000000dcc00000)
  object space 72704K, 6% used [0x0000000096400000,0x00000000968826d0,0x000000009ab00000)
 Metaspace       used 18336K, capacity 18658K, committed 18816K, reserved 1064960K
  class space    used 2327K, capacity 2423K, committed 2432K, reserved 1048576K
Event: 48.390 GC heap after
Heap after GC invocations=9 (full 0):
 PSYoungGen      total 25600K, used 288K [0x00000000dcc00000, 0x00000000df080000, 0x0000000100000000)
  eden space 25088K, 0% used [0x00000000dcc00000,0x00000000dcc00000,0x00000000de480000)
  from space 512K, 56% used [0x00000000de500000,0x00000000de548000,0x00000000de580000)
  to   space 6144K, 0% used [0x00000000dea80000,0x00000000dea80000,0x00000000df080000)
 ParOldGen       total 72704K, used 4865K [0x0000000096400000, 0x000000009ab00000, 0x00000000dcc00000)
  object space 72704K, 6% used [0x0000000096400000,0x00000000968c06d0,0x000000009ab00000)
 Metaspace       used 18336K, capacity 18658K, committed 18816K, reserved 1064960K
  class space    used 2327K, capacity 2423K, committed 2432K, reserved 1048576K
}

Deoptimization events (10 events):
Event: 44.663 Thread 0x000002091e058800 Uncommon trap: reason=class_check action=maybe_recompile pc=0x00000209098f9dc4 method=java.util.HashMap.putVal(ILjava/lang/Object;Ljava/lang/Object;ZZ)Ljava/lang/Object; @ 253
Event: 44.668 Thread 0x000002091e058800 Uncommon trap: reason=class_check action=maybe_recompile pc=0x00000209098f9dc4 method=java.util.HashMap.putVal(ILjava/lang/Object;Ljava/lang/Object;ZZ)Ljava/lang/Object; @ 253
Event: 44.692 Thread 0x000002091e058800 Uncommon trap: reason=unstable_if action=reinterpret pc=0x00000209098b3f58 method=java.util.HashMap.getNode(ILjava/lang/Object;)Ljava/util/HashMap$Node; @ 62
Event: 44.693 Thread 0x000002091e058800 Uncommon trap: reason=bimorphic action=maybe_recompile pc=0x00000209098f9e08 method=java.util.HashMap.putVal(ILjava/lang/Object;Ljava/lang/Object;ZZ)Ljava/lang/Object; @ 91
Event: 44.694 Thread 0x000002091e058800 Uncommon trap: reason=bimorphic action=maybe_recompile pc=0x00000209098f9e08 method=java.util.HashMap.putVal(ILjava/lang/Object;Ljava/lang/Object;ZZ)Ljava/lang/Object; @ 91
Event: 44.694 Thread 0x000002091e058800 Uncommon trap: reason=unstable_if action=reinterpret pc=0x00000209098b0228 method=java.util.HashMap.getNode(ILjava/lang/Object;)Ljava/util/HashMap$Node; @ 62
Event: 44.704 Thread 0x000002091e058800 Uncommon trap: reason=class_check action=maybe_recompile pc=0x000002090a0d2df4 method=java.util.HashMap.removeNode(ILjava/lang/Object;Ljava/lang/Object;ZZ)Ljava/util/HashMap$Node; @ 68
Event: 44.714 Thread 0x000002091e058800 Uncommon trap: reason=bimorphic action=maybe_recompile pc=0x0000020909752bac method=java.nio.charset.CharsetDecoder.replaceWith(Ljava/lang/String;)Ljava/nio/charset/CharsetDecoder; @ 63
Event: 44.714 Thread 0x000002091e058800 Uncommon trap: reason=unstable_if action=reinterpret pc=0x000002090a198db4 method=java.nio.charset.CharsetEncoder.encode(Ljava/nio/CharBuffer;Ljava/nio/ByteBuffer;Z)Ljava/nio/charset/CoderResult; @ 1
Event: 46.434 Thread 0x000002091e058800 Uncommon trap: reason=bimorphic action=maybe_recompile pc=0x0000020909f25ba8 method=java.awt.Container.validate()V @ 54

Classes redefined (0 events):
No events

Internal exceptions (10 events):
Event: 14.830 Thread 0x000002091e058800 Implicit null exception at 0x0000020909b9dbd1 to 0x0000020909ba0445
Event: 14.957 Thread 0x00000209230ad800 Implicit null exception at 0x0000020909c72c15 to 0x0000020909c72d51
Event: 14.979 Thread 0x000002091e058800 Implicit null exception at 0x0000020909a7b8b0 to 0x0000020909a7b90b
Event: 15.166 Thread 0x00000209230ad800 Implicit null exception at 0x0000020909d20a12 to 0x0000020909d245dd
Event: 16.534 Thread 0x000002091e058800 Implicit null exception at 0x00000209099edb12 to 0x00000209099eea2d
Event: 16.563 Thread 0x000002091e058800 Implicit null exception at 0x0000020909ed02d1 to 0x0000020909ed5760
Event: 16.563 Thread 0x000002091e058800 Exception <a 'java/lang/NullPointerException'> (0x00000000dd317aa0) thrown at [C:\jenkins\workspace\8-2-build-windows-amd64-cygwin\jdk8u311\1894\hotspot\src\share\vm\runtime\sharedRuntime.cpp, line 609]
Event: 16.623 Thread 0x000002091e058800 Implicit null exception at 0x0000020909ed02d1 to 0x0000020909ed5760
Event: 16.623 Thread 0x000002091e058800 Exception <a 'java/lang/NullPointerException'> (0x00000000dd429a60) thrown at [C:\jenkins\workspace\8-2-build-windows-amd64-cygwin\jdk8u311\1894\hotspot\src\share\vm\runtime\sharedRuntime.cpp, line 609]
Event: 24.856 Thread 0x000002091e058800 Implicit null exception at 0x0000020909b9ffde to 0x0000020909ba140d

Events (10 events):
Event: 47.543 Thread 0x000002091d5b3000 flushing nmethod 0x0000020909f63450
Event: 47.543 Thread 0x000002091d5b3000 flushing nmethod 0x0000020909fa9110
Event: 47.563 Thread 0x000002091d5b3000 flushing nmethod 0x0000020909ffca50
Event: 48.367 Executing VM operation: ParallelGCFailedAllocation
Event: 48.390 Executing VM operation: ParallelGCFailedAllocation done
Event: 48.390 Executing VM operation: RevokeBias
Event: 48.391 Executing VM operation: RevokeBias done
Event: 48.891 Thread 0x00000209230b2800 Thread added: 0x00000209230b2800
Event: 49.162 Executing VM operation: RevokeBias
Event: 49.162 Executing VM operation: RevokeBias done


Dynamic libraries:
0x00007ff734bd0000 - 0x00007ff734c17000 	C:\Program Files\Java\jdk1.8.0_311\bin\java.exe
0x00007ff9bca90000 - 0x00007ff9bcc85000 	C:\WINDOWS\SYSTEM32\ntdll.dll
0x00007ff9bb830000 - 0x00007ff9bb8ed000 	C:\WINDOWS\System32\KERNEL32.DLL
0x00007ff9ba4c0000 - 0x00007ff9ba78d000 	C:\WINDOWS\System32\KERNELBASE.dll
0x00007ff9bb5c0000 - 0x00007ff9bb66e000 	C:\WINDOWS\System32\ADVAPI32.dll
0x00007ff9bc190000 - 0x00007ff9bc22e000 	C:\WINDOWS\System32\msvcrt.dll
0x00007ff9bbb60000 - 0x00007ff9bbbfc000 	C:\WINDOWS\System32\sechost.dll
0x00007ff9bbc00000 - 0x00007ff9bbd25000 	C:\WINDOWS\System32\RPCRT4.dll
0x00007ff9bc760000 - 0x00007ff9bc900000 	C:\WINDOWS\System32\USER32.dll
0x00007ff9baa30000 - 0x00007ff9baa52000 	C:\WINDOWS\System32\win32u.dll
0x00007ff9bb800000 - 0x00007ff9bb82a000 	C:\WINDOWS\System32\GDI32.dll
0x00007ff9ba920000 - 0x00007ff9baa2b000 	C:\WINDOWS\System32\gdi32full.dll
0x00007ff9ba370000 - 0x00007ff9ba40d000 	C:\WINDOWS\System32\msvcp_win.dll
0x00007ff9ba820000 - 0x00007ff9ba920000 	C:\WINDOWS\System32\ucrtbase.dll
0x00007ff9a8e60000 - 0x00007ff9a90fa000 	C:\WINDOWS\WinSxS\amd64_microsoft.windows.common-controls_6595b64144ccf1df_6.0.19041.1110_none_60b5254171f9507e\COMCTL32.dll
0x00007ff9bbac0000 - 0x00007ff9bbaf0000 	C:\WINDOWS\System32\IMM32.DLL
0x00007ff9af830000 - 0x00007ff9af845000 	C:\Program Files\Java\jdk1.8.0_311\jre\bin\vcruntime140.dll
0x00007ff986dc0000 - 0x00007ff986e5b000 	C:\Program Files\Java\jdk1.8.0_311\jre\bin\msvcp140.dll
0x0000000051e80000 - 0x00000000526e0000 	C:\Program Files\Java\jdk1.8.0_311\jre\bin\server\jvm.dll
0x00007ff9bc180000 - 0x00007ff9bc188000 	C:\WINDOWS\System32\PSAPI.DLL
0x00007ff9a39c0000 - 0x00007ff9a39c9000 	C:\WINDOWS\SYSTEM32\WSOCK32.dll
0x00007ff9bbaf0000 - 0x00007ff9bbb5b000 	C:\WINDOWS\System32\WS2_32.dll
0x00007ff9b1e30000 - 0x00007ff9b1e57000 	C:\WINDOWS\SYSTEM32\WINMM.dll
0x00007ff9b1e60000 - 0x00007ff9b1e6a000 	C:\WINDOWS\SYSTEM32\VERSION.dll
0x00007ff9b80a0000 - 0x00007ff9b80b2000 	C:\WINDOWS\SYSTEM32\kernel.appcore.dll
0x00007ff9af730000 - 0x00007ff9af740000 	C:\Program Files\Java\jdk1.8.0_311\jre\bin\verify.dll
0x00007ff9aa2a0000 - 0x00007ff9aa2cb000 	C:\Program Files\Java\jdk1.8.0_311\jre\bin\java.dll
0x00007ff9aa280000 - 0x00007ff9aa298000 	C:\Program Files\Java\jdk1.8.0_311\jre\bin\zip.dll
0x00007ff9bae70000 - 0x00007ff9bb5b4000 	C:\WINDOWS\System32\SHELL32.dll
0x00007ff9b82a0000 - 0x00007ff9b8a34000 	C:\WINDOWS\SYSTEM32\windows.storage.dll
0x00007ff9bbd30000 - 0x00007ff9bc084000 	C:\WINDOWS\System32\combase.dll
0x00007ff9b9c00000 - 0x00007ff9b9c2c000 	C:\WINDOWS\SYSTEM32\Wldp.dll
0x00007ff9bc230000 - 0x00007ff9bc2dd000 	C:\WINDOWS\System32\SHCORE.dll
0x00007ff9bb680000 - 0x00007ff9bb6d5000 	C:\WINDOWS\System32\shlwapi.dll
0x00007ff9ba0e0000 - 0x00007ff9ba0ff000 	C:\WINDOWS\SYSTEM32\profapi.dll
0x00007ff986c20000 - 0x00007ff986db5000 	C:\Program Files\Java\jdk1.8.0_311\jre\bin\awt.dll
0x00007ff9bc900000 - 0x00007ff9bc9cd000 	C:\WINDOWS\System32\OLEAUT32.dll
0x00007ff9b7b10000 - 0x00007ff9b7ba0000 	C:\WINDOWS\SYSTEM32\apphelp.dll
0x00007ff9b7bc0000 - 0x00007ff9b7c5e000 	C:\WINDOWS\system32\uxtheme.dll
0x00007ff9bb6e0000 - 0x00007ff9bb7f5000 	C:\WINDOWS\System32\MSCTF.dll
0x00007ff9baae0000 - 0x00007ff9bac0a000 	C:\WINDOWS\System32\ole32.dll
0x00007ff9ba790000 - 0x00007ff9ba812000 	C:\WINDOWS\System32\bcryptPrimitives.dll
0x00007ff9b7db0000 - 0x00007ff9b7ddf000 	C:\WINDOWS\system32\DWMAPI.DLL
0x00007ff9819e0000 - 0x00007ff981b06000 	C:\WINDOWS\system32\opengl32.dll
0x00007ff988840000 - 0x00007ff98886c000 	C:\WINDOWS\SYSTEM32\GLU32.dll
0x00007ff986680000 - 0x00007ff98684f000 	C:\WINDOWS\system32\d3d9.dll
0x00007ff9b1e70000 - 0x00007ff9b204b000 	C:\WINDOWS\System32\DriverStore\FileRepository\c0365057.inf_amd64_a0f5f3f63c5dcefa\B364966\aticfx64.dll
0x00007ff9aa240000 - 0x00007ff9aa273000 	C:\WINDOWS\System32\DriverStore\FileRepository\c0365057.inf_amd64_a0f5f3f63c5dcefa\B364966\atiu9p64.dll
0x00007ff96fec0000 - 0x00007ff970be1000 	C:\WINDOWS\System32\DriverStore\FileRepository\c0365057.inf_amd64_a0f5f3f63c5dcefa\B364966\atiumd64.dll
0x00007ff9adbb0000 - 0x00007ff9add94000 	C:\WINDOWS\SYSTEM32\dbghelp.dll
0x00007ff9a2fd0000 - 0x00007ff9a2ffc000 	C:\WINDOWS\SYSTEM32\dbgcore.DLL
0x0000000052770000 - 0x0000000053632000 	C:\WINDOWS\System32\DriverStore\FileRepository\c0365057.inf_amd64_a0f5f3f63c5dcefa\B364966\atiumd6a.dll
0x00007ff9b9910000 - 0x00007ff9b995b000 	C:\WINDOWS\SYSTEM32\POWRPROF.dll
0x00007ff9b98f0000 - 0x00007ff9b9902000 	C:\WINDOWS\SYSTEM32\UMPDC.dll
0x00007ff9af490000 - 0x00007ff9af4c0000 	C:\WINDOWS\SYSTEM32\amdihk64.dll
0x00007ff9b20a0000 - 0x00007ff9b20db000 	C:\WINDOWS\SYSTEM32\dxcore.dll
0x00007ff9baa60000 - 0x00007ff9baaae000 	C:\WINDOWS\System32\cfgmgr32.dll
0x00007ff9b9b50000 - 0x00007ff9b9b68000 	C:\WINDOWS\SYSTEM32\CRYPTSP.dll
0x00007ff9b9210000 - 0x00007ff9b9244000 	C:\WINDOWS\system32\rsaenh.dll
0x00007ff9baab0000 - 0x00007ff9baad7000 	C:\WINDOWS\System32\bcrypt.dll
0x00007ff9ba0a0000 - 0x00007ff9ba0ce000 	C:\WINDOWS\SYSTEM32\USERENV.dll
0x00007ff9b9b70000 - 0x00007ff9b9b7c000 	C:\WINDOWS\SYSTEM32\CRYPTBASE.dll
0x00007ff9aa200000 - 0x00007ff9aa21c000 	C:\Program Files\Java\jdk1.8.0_311\jre\bin\net.dll
0x00007ff9b9960000 - 0x00007ff9b99ca000 	C:\WINDOWS\system32\mswsock.dll
0x00007ff9b95e0000 - 0x00007ff9b961b000 	C:\WINDOWS\SYSTEM32\IPHLPAPI.DLL
0x00007ff9bbab0000 - 0x00007ff9bbab8000 	C:\WINDOWS\System32\NSI.dll
0x00007ff9ae5b0000 - 0x00007ff9ae5c7000 	C:\WINDOWS\SYSTEM32\dhcpcsvc6.DLL
0x00007ff9adb90000 - 0x00007ff9adbad000 	C:\WINDOWS\SYSTEM32\dhcpcsvc.DLL
0x00007ff9b9630000 - 0x00007ff9b96fb000 	C:\WINDOWS\SYSTEM32\DNSAPI.dll
0x00007ff9a7ed0000 - 0x00007ff9a7ee3000 	C:\Program Files\Java\jdk1.8.0_311\jre\bin\nio.dll
0x0000000070bc0000 - 0x0000000070c9c000 	C:\Users\CUINIC4\AppData\Local\Temp\sqlite-3.36.0.3-5e2d5bf4-f033-4eff-9228-877de90685f8-sqlitejdbc.dll
0x00007ff9a7e80000 - 0x00007ff9a7ec9000 	C:\Program Files\Java\jdk1.8.0_311\jre\bin\fontmanager.dll
0x00007ff9a5c50000 - 0x00007ff9a5c93000 	C:\Program Files\Java\jdk1.8.0_311\jre\bin\t2k.dll
0x00007ff9bac10000 - 0x00007ff9bacb9000 	C:\WINDOWS\System32\clbcatq.dll
0x00007ff9b4d50000 - 0x00007ff9b4f04000 	C:\WINDOWS\SYSTEM32\WindowsCodecs.dll
0x00007ff9a8520000 - 0x00007ff9a855e000 	C:\WINDOWS\system32\dataexchange.dll
0x00007ff9b7050000 - 0x00007ff9b7235000 	C:\WINDOWS\system32\dcomp.dll
0x00007ff9b63c0000 - 0x00007ff9b6624000 	C:\WINDOWS\system32\d3d11.dll
0x00007ff9b8aa0000 - 0x00007ff9b8b93000 	C:\WINDOWS\system32\dxgi.dll
0x00007ff9b4a90000 - 0x00007ff9b4c91000 	C:\WINDOWS\system32\twinapi.appcore.dll
0x00007ff9ac2f0000 - 0x00007ff9ac3e9000 	C:\WINDOWS\SYSTEM32\textinputframework.dll
0x00007ff9b6630000 - 0x00007ff9b698e000 	C:\WINDOWS\System32\CoreUIComponents.dll
0x00007ff9b7780000 - 0x00007ff9b7872000 	C:\WINDOWS\System32\CoreMessaging.dll
0x00007ff9b8ea0000 - 0x00007ff9b8ed3000 	C:\WINDOWS\SYSTEM32\ntmarta.dll
0x00007ff9b5e00000 - 0x00007ff9b5f54000 	C:\WINDOWS\SYSTEM32\wintypes.dll
0x00007ff99aab0000 - 0x00007ff99aae2000 	C:\Program Files\Java\jdk1.8.0_311\jre\bin\jpeg.dll

VM Arguments:
jvm_args: -Dfile.encoding=UTF-8 
java_command: com.myclasscount.view.Myclasscount
java_class_path (initial): C:\Users\CUINIC4\OneDrive\Documents\NetBeansProjects\com.myclasscount\lib\eclipselink\org.eclipse.persistence.core-2.7.7.jar;C:\Users\CUINIC4\OneDrive\Documents\NetBeansProjects\com.myclasscount\lib\eclipselink\org.eclipse.persistence.asm-2.7.7.jar;C:\Users\CUINIC4\OneDrive\Documents\NetBeansProjects\com.myclasscount\lib\eclipselink\org.eclipse.persistence.antlr-2.7.7.jar;C:\Users\CUINIC4\OneDrive\Documents\NetBeansProjects\com.myclasscount\lib\eclipselink\org.eclipse.persistence.jpa-2.7.7.jar;C:\Users\CUINIC4\OneDrive\Documents\NetBeansProjects\com.myclasscount\lib\eclipselink\org.eclipse.persistence.jpa.jpql-2.7.7.jar;C:\Users\CUINIC4\OneDrive\Documents\NetBeansProjects\com.myclasscount\lib\eclipselink\org.eclipse.persistence.moxy-2.7.7.jar;C:\Users\CUINIC4\OneDrive\Documents\NetBeansProjects\com.myclasscount\lib\eclipselink\javax.persistence-2.2.1.jar;C:\Users\CUINIC4\OneDrive\Documents\NetBeansProjects\com.myclasscount\lib\jcalendar-1.4.jar;C:\Users\CUINIC4\OneDrive\Documents\NetBeansProjects\com.myclasscount\lib\sqlite-jdbc-3.36.0.3.jar;C:\Users\CUINIC4\OneDrive\Documents\NetBeansProjects\com.myclasscount\build\classes
Launcher Type: SUN_STANDARD

Environment Variables:
JAVA_HOME=C:\Program Files\Java\jdk1.8.0_311
PATH=C:\Program Files\Eclipse Adoptium\jdk-11.0.14.101-hotspot\bin;C:\Program Files\Common Files\Oracle\Java\javapath;C:\Program Files (x86)\Common Files\Oracle\Java\javapath;C:\Program Files\Java\jdk1.8.0_311;;C:\Program Files\Microsoft VS Code\bin;C:\Users\CUINIC4\AppData\Local\Microsoft\WindowsApps;C:\Users\CUINIC4\AppData\Local\GitHubDesktop\bin;C:\Program Files\Java\jdk-16.0.1;C:\Program Files\apache-tomcat-10.0.12;C:\Program Files\NetBeans-12.4\netbeans;C:\sqlite3;C:\Program Files\Java\jdk-11.0.13;D:\Cuinica\Meditacão\UJC\7_Semestre\Engenharia de Software Avancada\Tika Xitike\Xitique\Xitique;D:\Cuinica\Meditacão\UJC\7_Semestre\Engenharia de Software Avancada\Tika Xitike\Xitique\Xitique\xitique\src\main\java\com\tikaxitique\xitique;
USERNAME=CUINIC4
OS=Windows_NT
PROCESSOR_IDENTIFIER=AMD64 Family 21 Model 112 Stepping 0, AuthenticAMD



---------------  S Y S T E M  ---------------

OS: Windows 10.0 , 64 bit Build 19041 (10.0.19041.1706)

CPU:total 2 (initial active 2) (2 cores per cpu, 1 threads per core) family 21 model 112 stepping 0, cmov, cx8, fxsr, mmx, sse, sse2, sse3, ssse3, sse4.1, sse4.2, popcnt, avx, avx2, aes, clmul, mmxext, 3dnowpref, lzcnt, sse4a, tsc, tscinvbit, tscinv, bmi1

Memory: 4k page, physical 6929192k(1992584k free), swap 15492856k(8031188k free)

vm_info: Java HotSpot(TM) 64-Bit Server VM (25.311-b11) for windows-amd64 JRE (1.8.0_311-b11), built on Sep 27 2021 05:15:14 by "java_re" with MS VC++ 15.9 (VS2017)

time: Sat Jun 18 22:25:48 2022
timezone: South Africa Standard Time
elapsed time: 49.339663 seconds (0d 0h 0m 49s)

